Microchip MPLAB XC8 Compiler V2.31

Linker command line:

-W-3 --edf=C:\Program Files\Microchip\xc8\v2.31\pic\dat\en_msgs.txt -cn \
  -h+dist/default/production\Tes.X.production.sym \
  --cmf=dist/default/production\Tes.X.production.cmf -z -Q16F887 \
  -oC:\Users\Usuario\AppData\Local\Temp\s1qk.2 --defsym=__MPLAB_BUILD=1 \
  -Mdist/default/production/Tes.X.production.map -E1 -ver=XC8 Compiler \
  --acfsm=1493 -ASTACK=0110h-016Fh -pstack=STACK -ACODE=00h-07FFhx4 \
  -ASTRCODE=00h-01FFFh -ASTRING=00h-0FFhx32 -ACONST=00h-0FFhx32 \
  -AENTRY=00h-0FFhx32 -ACOMMON=070h-07Fh -ABANK0=020h-06Fh \
  -ABANK1=0A0h-0EFh -ABANK2=0110h-016Fh -ABANK3=0190h-01EFh \
  -ARAM=020h-06Fh,0A0h-0EFh,0110h-016Fh,0190h-01EFh \
  -AABS1=020h-07Fh,0A0h-0EFh,0110h-016Fh,0190h-01EFh -ASFR0=00h-01Fh \
  -ASFR1=080h-09Fh -ASFR2=0100h-010Fh -ASFR3=0180h-018Fh \
  -ACONFIG=02007h-02008h -DCONFIG=2 -AIDLOC=02000h-02003h -DIDLOC=2 \
  -AEEDATA=00h-0FFh/02100h -peeprom_data=EEDATA -DEEDATA=2 -DCODE=2 \
  -DSTRCODE=2 -DSTRING=2 -DCONST=2 -DENTRY=2 \
  -preset_vec=00h,intentry=04h,init,end_init -ppowerup=CODE -pcinit=CODE \
  -pfunctab=ENTRY -k C:\Users\Usuario\AppData\Local\Temp\s1qk.o \
  dist/default/production\Tes.X.production.o 

Object code version is 3.11

Machine type is 16F887



                Name                               Link     Load   Length Selector   Space Scale
C:\Users\Usuario\AppData\Local\Temp\s1qk.o
                end_init                              C        C        3        8       0
                reset_vec                             0        0        3        0       0
                config                             2007     2007        2        0       4
dist/default/production\Tes.X.production.o
                cinit                                 F        F       11        8       0
                intentry                              4        4        8        8       0
                config                             2007     2007        2        0       4
                text10                              129      129       D8        8       0
                text9                               388      388       15        8       0
                text8                               340      340       2B        8       0
                text7                               2E9      2E9       2C        8       0
                text6                               2BD      2BD       2C        8       0
                text5                               315      315       2B        8       0
                text4                               291      291       2C        8       0
                text3                               265      265       2C        8       0
                text2                               201      201       64        8       0
                text1                               36B      36B       1D        8       0
                maintext                             20       20      109        8       0
                cstackBANK0                          30       30        4       20       1
                cstackCOMMON                         70       70        6       70       1
                clrtext                             39D      39D        8        8       0
                bssBANK0                             20       20       10       20       1
                bssCOMMON                            76       76        4       70       1

TOTAL           Name                               Link     Load   Length     Space
        CLASS   STACK          

        CLASS   CODE           
                end_init                              C        C        3         0
                cinit                                 F        F       11         0
                intentry                              4        4        8         0
                reset_vec                             0        0        3         0
                text10                              129      129       D8         0
                text9                               388      388       15         0
                text8                               340      340       2B         0
                text7                               2E9      2E9       2C         0
                text6                               2BD      2BD       2C         0
                text5                               315      315       2B         0
                text4                               291      291       2C         0
                text3                               265      265       2C         0
                text2                               201      201       64         0
                text1                               36B      36B       1D         0
                maintext                             20       20      109         0
                clrtext                             39D      39D        8         0

        CLASS   STRCODE        

        CLASS   STRING         

        CLASS   CONST          

        CLASS   ENTRY          

        CLASS   COMMON         
                cstackCOMMON                         70       70        6         1
                bssCOMMON                            76       76        4         1

        CLASS   BANK0          
                cstackBANK0                          30       30        4         1
                bssBANK0                             20       20       10         1

        CLASS   BANK1          

        CLASS   BANK2          

        CLASS   BANK3          

        CLASS   RAM            

        CLASS   ABS1           
                abs_s1                               7E       7E        2         1

        CLASS   SFR0           

        CLASS   SFR1           

        CLASS   SFR2           

        CLASS   SFR3           

        CLASS   CONFIG         
                config                             2007     2007        2         4

        CLASS   IDLOC          

        CLASS   EEDATA         



SEGMENTS        Name                           Load    Length   Top    Selector   Space  Class     Delta

                reset_vec                      000000  000003  000003         0       0  CODE        2
                intentry                       000004  0003A1  0003A5         8       0  CODE        2
                bssBANK0                       000020  000014  000034        20       1  BANK0       1
                cstackCOMMON                   000070  00000A  00007A        70       1  COMMON      1


UNUSED ADDRESS RANGES

        Name                Unused          Largest block    Delta
        BANK0            0034-006F             3C           1
        BANK1            00A0-00EF             50           1
        BANK2            0110-016F             60           1
        BANK3            0190-01EF             60           1
        CODE             0003-0003              1           2
                         03A5-1FFF            800
        COMMON           007A-007D              4           1
        CONST            0003-0003              1           2
                         03A5-1FFF            100
        EEDATA           2100-21FF            100           2
        ENTRY            0003-0003              1           2
                         03A5-1FFF            100
        IDLOC            2000-2003              4           2
        RAM              0034-006F             3C           1
                         00A0-00EF             50
                         0110-016F             60
                         0190-01EF             60
        SFR0             0000-001F             20           1
        SFR1             0080-009F             20           1
        SFR2             0100-010F             10           1
        SFR3             0180-018F             10           1
        STACK            0110-016F             60           1
        STRCODE          0003-0003              1           2
                         03A5-1FFF           1C5B
        STRING           0003-0003              1           2
                         03A5-1FFF            100

                                  Symbol Table

_ADCON0bits               (abs)        001F
_ADCON1bits               (abs)        009F
_ADRESH                   (abs)        001E
_ADRESL                   (abs)        009E
_ANSEL                    (abs)        0188
_ANSELH                   (abs)        0189
_CCP1CONbits              (abs)        0017
_CCP2CONbits              (abs)        001D
_CCPR1L                   (abs)        0015
_CCPR2L                   (abs)        001B
_EEADR                    (abs)        010D
_EECON1bits               (abs)        018C
_EECON2                   (abs)        018D
_EEDATA                   (abs)        010C
_INTCONbits               (abs)        000B
_Interrupciones           text10       0129
_OPTION_REGbits           (abs)        0081
_OSCCONbits               (abs)        008F
_PIE1bits                 (abs)        008C
_PIR1bits                 (abs)        000C
_PIR2bits                 (abs)        000D
_PORTB                    (abs)        0006
_PORTC                    (abs)        0007
_PORTCbits                (abs)        0007
_PORTD                    (abs)        0008
_PORTE                    (abs)        0009
_PR2                      (abs)        0092
_RB0                      (abs)        0030
_RB0_old                  bssBANK0     0022
_T2CONbits                (abs)        0012
_TRISA                    (abs)        0085
_TRISB                    (abs)        0086
_TRISC                    (abs)        0087
_TRISCbits                (abs)        0087
_TRISD                    (abs)        0088
_TRISE                    (abs)        0089
_WPUB                     (abs)        0095
__Habs1                   abs1         0000
__Hbank0                  bank0        0000
__Hbank1                  bank1        0000
__Hbank2                  bank2        0000
__Hbank3                  bank3        0000
__HbssBANK0               bssBANK0     0000
__HbssCOMMON              bssCOMMON    0000
__Hcinit                  cinit        0020
__Hclrtext                clrtext      0000
__Hcode                   code         0000
__Hcommon                 common       0000
__Hconfig                 config       2009
__HcstackBANK0            cstackBANK0  0000
__HcstackCOMMON           cstackCOMMON 0000
__Heeprom_data            eeprom_data  0000
__Hend_init               end_init     000F
__Hfunctab                functab      0000
__Hinit                   init         000C
__Hintentry               intentry     000C
__Hmaintext               maintext     0000
__Hpowerup                powerup      0000
__Hram                    ram          0000
__Hreset_vec              reset_vec    0003
__Hsfr0                   sfr0         0000
__Hsfr1                   sfr1         0000
__Hsfr2                   sfr2         0000
__Hsfr3                   sfr3         0000
__Hspace_0                (abs)        03A5
__Hspace_1                (abs)        007A
__Hspace_2                (abs)        0000
__Hspace_3                (abs)        0000
__Hspace_4                (abs)        4010
__Hstack                  stack        0000
__Hstrings                strings      0000
__Htext                   text         0000
__Labs1                   abs1         0000
__Lbank0                  bank0        0000
__Lbank1                  bank1        0000
__Lbank2                  bank2        0000
__Lbank3                  bank3        0000
__LbssBANK0               bssBANK0     0000
__LbssCOMMON              bssCOMMON    0000
__Lcinit                  cinit        000F
__Lclrtext                clrtext      0000
__Lcode                   code         0000
__Lcommon                 common       0000
__Lconfig                 config       0000
__LcstackBANK0            cstackBANK0  0000
__LcstackCOMMON           cstackCOMMON 0000
__Leeprom_data            eeprom_data  0000
__Lend_init               end_init     000C
__Lfunctab                functab      0000
__Linit                   init         000C
__Lintentry               intentry     0004
__Lmaintext               maintext     0000
__Lpowerup                powerup      0000
__Lram                    ram          0000
__Lreset_vec              reset_vec    0000
__Lsfr0                   sfr0         0000
__Lsfr1                   sfr1         0000
__Lsfr2                   sfr2         0000
__Lsfr3                   sfr3         0000
__Lspace_0                (abs)        0000
__Lspace_1                (abs)        0000
__Lspace_2                (abs)        0000
__Lspace_3                (abs)        0000
__Lspace_4                (abs)        0000
__Lstack                  stack        0000
__Lstrings                strings      0000
__Ltext                   text         0000
__S0                      (abs)        03A5
__S1                      (abs)        007A
__S2                      (abs)        0000
__S3                      (abs)        0000
___int_sp                 stack        0000
___latbits                (abs)        0002
___sp                     stack        0000
___stackhi                (abs)        0000
___stacklo                (abs)        0000
__end_of_Interrupciones   text10       0201
__end_of__initialization  cinit        001C
__end_of_main             maintext     0129
__end_of_readFromEEPROM   text9        039D
__end_of_servo1Rotate0    text8        036B
__end_of_servo1Rotate180  text7        0315
__end_of_servo1Rotate90   text6        02E9
__end_of_servo2Rotate0    text5        0340
__end_of_servo2Rotate180  text4        02BD
__end_of_servo2Rotate90   text3        0291
__end_of_setup            text2        0265
__end_of_writeToEEPROM    text1        0388
__initialization          cinit        000F
__pbssBANK0               bssBANK0     0020
__pbssCOMMON              bssCOMMON    0076
__pcstackBANK0            cstackBANK0  0030
__pcstackCOMMON           cstackCOMMON 0070
__pintentry               intentry     0004
__pmaintext               maintext     0020
__ptext1                  text1        036B
__ptext10                 text10       0129
__ptext2                  text2        0201
__ptext3                  text3        0265
__ptext4                  text4        0291
__ptext5                  text5        0315
__ptext6                  text6        02BD
__ptext7                  text7        02E9
__ptext8                  text8        0340
__ptext9                  text9        0388
__size_of_Interrupciones  (abs)        0000
__size_of_main            (abs)        0000
__size_of_readFromEEPROM  (abs)        0000
__size_of_servo1Rotate0   (abs)        0000
__size_of_servo1Rotate180 (abs)        0000
__size_of_servo1Rotate90  (abs)        0000
__size_of_servo2Rotate0   (abs)        0000
__size_of_servo2Rotate180 (abs)        0000
__size_of_servo2Rotate90  (abs)        0000
__size_of_setup           (abs)        0000
__size_of_writeToEEPROM   (abs)        0000
_band_mem                 bssBANK0     0020
_dato_mem1                bssBANK0     002D
_dato_mem2                bssBANK0     002C
_dato_mem3                bssBANK0     002B
_dato_mem3l               bssBANK0     002A
_dato_mem4                bssBANK0     0029
_dato_mem4l               bssBANK0     0028
_main                     maintext     0020
_readFromEEPROM           text9        0388
_servo1Rotate0            text8        0340
_servo1Rotate180          text7        02E9
_servo1Rotate90           text6        02BD
_servo2Rotate0            text5        0315
_servo2Rotate180          text4        0291
_servo2Rotate90           text3        0265
_setup                    text2        0201
_valor_pot1               bssCOMMON    0079
_valor_pot2               bssCOMMON    0078
_valor_pot3               bssCOMMON    0077
_valor_pot3l              bssBANK0     002F
_valor_pot4               bssCOMMON    0076
_valor_pot4l              bssBANK0     002E
_writeToEEPROM            text1        036B
btemp                     (abs)        007E
clear_ram0                clrtext      039D
end_of_initialization     cinit        001C
interrupt_function        intentry     0004
intlevel0                 functab      0000
intlevel1                 functab      0000
intlevel2                 functab      0000
intlevel3                 functab      0000
intlevel4                 functab      0000
intlevel5                 functab      0000
readFromEEPROM@address    cstackBANK0  0030
readFromEEPROM@data       cstackBANK0  0031
reset_vec                 reset_vec    0000
saved_w                   (abs)        007E
servo1Rotate0@i           cstackBANK0  0030
servo1Rotate180@i         cstackBANK0  0030
servo1Rotate90@i          cstackBANK0  0030
servo2Rotate0@i           cstackBANK0  0030
servo2Rotate180@i         cstackBANK0  0030
servo2Rotate90@i          cstackBANK0  0030
start                     init         000C
start_initialization      cinit        000F
writeToEEPROM@address     cstackCOMMON 0074
writeToEEPROM@data        cstackCOMMON 0075
wtemp0                    (abs)        007E


FUNCTION INFORMATION:

 *************** function _main *****************
 Defined at:
		line 159 in file "main.c"
 Parameters:    Size  Location     Type
		None
 Auto vars:     Size  Location     Type
		None
 Return value:  Size  Location     Type
                  1    wreg      void 
 Registers used:
		wreg, status,2, status,0, pclath, cstack
 Tracked objects:
		On entry : 
		On exit  : 
		Unchanged: 
 Data sizes:     COMMON   BANK0   BANK1   BANK3   BANK2
      Params:         0       0       0       0       0
      Locals:         0       0       0       0       0
      Temps:          0       2       0       0       0
      Totals:         0       2       0       0       0
Total ram usage:        2 bytes
 Hardware stack levels required when called:    2
 This function calls:
		_readFromEEPROM
		_servo1Rotate0
		_servo1Rotate180
		_servo1Rotate90
		_servo2Rotate0
		_servo2Rotate180
		_servo2Rotate90
		_setup
		_writeToEEPROM
 This function is called by:
		Startup code after reset
 This function uses a non-reentrant model


 *************** function _writeToEEPROM *****************
 Defined at:
		line 365 in file "main.c"
 Parameters:    Size  Location     Type
  data            1    wreg     unsigned char 
  address         1    4[COMMON] unsigned char 
 Auto vars:     Size  Location     Type
  data            1    5[COMMON] unsigned char 
 Return value:  Size  Location     Type
                  1    wreg      void 
 Registers used:
		wreg
 Tracked objects:
		On entry : 
		On exit  : 
		Unchanged: 
 Data sizes:     COMMON   BANK0   BANK1   BANK3   BANK2
      Params:         1       0       0       0       0
      Locals:         1       0       0       0       0
      Temps:          0       0       0       0       0
      Totals:         2       0       0       0       0
Total ram usage:        2 bytes
 Hardware stack levels used:    1
 Hardware stack levels required when called:    1
 This function calls:
		Nothing
 This function is called by:
		_main
 This function uses a non-reentrant model


 *************** function _setup *****************
 Defined at:
		line 218 in file "main.c"
 Parameters:    Size  Location     Type
		None
 Auto vars:     Size  Location     Type
		None
 Return value:  Size  Location     Type
                  1    wreg      void 
 Registers used:
		wreg, status,2, status,0
 Tracked objects:
		On entry : 
		On exit  : 
		Unchanged: 
 Data sizes:     COMMON   BANK0   BANK1   BANK3   BANK2
      Params:         0       0       0       0       0
      Locals:         0       0       0       0       0
      Temps:          1       0       0       0       0
      Totals:         1       0       0       0       0
Total ram usage:        1 bytes
 Hardware stack levels used:    1
 Hardware stack levels required when called:    1
 This function calls:
		Nothing
 This function is called by:
		_main
 This function uses a non-reentrant model


 *************** function _servo2Rotate90 *****************
 Defined at:
		line 342 in file "main.c"
 Parameters:    Size  Location     Type
		None
 Auto vars:     Size  Location     Type
  i               2    0[BANK0 ] unsigned int 
 Return value:  Size  Location     Type
                  1    wreg      void 
 Registers used:
		wreg, status,2
 Tracked objects:
		On entry : 
		On exit  : 
		Unchanged: 
 Data sizes:     COMMON   BANK0   BANK1   BANK3   BANK2
      Params:         0       0       0       0       0
      Locals:         0       2       0       0       0
      Temps:          2       0       0       0       0
      Totals:         2       2       0       0       0
Total ram usage:        4 bytes
 Hardware stack levels used:    1
 Hardware stack levels required when called:    1
 This function calls:
		Nothing
 This function is called by:
		_main
 This function uses a non-reentrant model


 *************** function _servo2Rotate180 *****************
 Defined at:
		line 354 in file "main.c"
 Parameters:    Size  Location     Type
		None
 Auto vars:     Size  Location     Type
  i               2    0[BANK0 ] unsigned int 
 Return value:  Size  Location     Type
                  1    wreg      void 
 Registers used:
		wreg, status,2
 Tracked objects:
		On entry : 
		On exit  : 
		Unchanged: 
 Data sizes:     COMMON   BANK0   BANK1   BANK3   BANK2
      Params:         0       0       0       0       0
      Locals:         0       2       0       0       0
      Temps:          2       0       0       0       0
      Totals:         2       2       0       0       0
Total ram usage:        4 bytes
 Hardware stack levels used:    1
 Hardware stack levels required when called:    1
 This function calls:
		Nothing
 This function is called by:
		_main
 This function uses a non-reentrant model


 *************** function _servo2Rotate0 *****************
 Defined at:
		line 330 in file "main.c"
 Parameters:    Size  Location     Type
		None
 Auto vars:     Size  Location     Type
  i               2    0[BANK0 ] unsigned int 
 Return value:  Size  Location     Type
                  1    wreg      void 
 Registers used:
		wreg, status,2
 Tracked objects:
		On entry : 
		On exit  : 
		Unchanged: 
 Data sizes:     COMMON   BANK0   BANK1   BANK3   BANK2
      Params:         0       0       0       0       0
      Locals:         0       2       0       0       0
      Temps:          2       0       0       0       0
      Totals:         2       2       0       0       0
Total ram usage:        4 bytes
 Hardware stack levels used:    1
 Hardware stack levels required when called:    1
 This function calls:
		Nothing
 This function is called by:
		_main
 This function uses a non-reentrant model


 *************** function _servo1Rotate90 *****************
 Defined at:
		line 306 in file "main.c"
 Parameters:    Size  Location     Type
		None
 Auto vars:     Size  Location     Type
  i               2    0[BANK0 ] unsigned int 
 Return value:  Size  Location     Type
                  1    wreg      void 
 Registers used:
		wreg, status,2
 Tracked objects:
		On entry : 
		On exit  : 
		Unchanged: 
 Data sizes:     COMMON   BANK0   BANK1   BANK3   BANK2
      Params:         0       0       0       0       0
      Locals:         0       2       0       0       0
      Temps:          2       0       0       0       0
      Totals:         2       2       0       0       0
Total ram usage:        4 bytes
 Hardware stack levels used:    1
 Hardware stack levels required when called:    1
 This function calls:
		Nothing
 This function is called by:
		_main
 This function uses a non-reentrant model


 *************** function _servo1Rotate180 *****************
 Defined at:
		line 318 in file "main.c"
 Parameters:    Size  Location     Type
		None
 Auto vars:     Size  Location     Type
  i               2    0[BANK0 ] unsigned int 
 Return value:  Size  Location     Type
                  1    wreg      void 
 Registers used:
		wreg, status,2
 Tracked objects:
		On entry : 
		On exit  : 
		Unchanged: 
 Data sizes:     COMMON   BANK0   BANK1   BANK3   BANK2
      Params:         0       0       0       0       0
      Locals:         0       2       0       0       0
      Temps:          2       0       0       0       0
      Totals:         2       2       0       0       0
Total ram usage:        4 bytes
 Hardware stack levels used:    1
 Hardware stack levels required when called:    1
 This function calls:
		Nothing
 This function is called by:
		_main
 This function uses a non-reentrant model


 *************** function _servo1Rotate0 *****************
 Defined at:
		line 294 in file "main.c"
 Parameters:    Size  Location     Type
		None
 Auto vars:     Size  Location     Type
  i               2    0[BANK0 ] unsigned int 
 Return value:  Size  Location     Type
                  1    wreg      void 
 Registers used:
		wreg, status,2
 Tracked objects:
		On entry : 
		On exit  : 
		Unchanged: 
 Data sizes:     COMMON   BANK0   BANK1   BANK3   BANK2
      Params:         0       0       0       0       0
      Locals:         0       2       0       0       0
      Temps:          2       0       0       0       0
      Totals:         2       2       0       0       0
Total ram usage:        4 bytes
 Hardware stack levels used:    1
 Hardware stack levels required when called:    1
 This function calls:
		Nothing
 This function is called by:
		_main
 This function uses a non-reentrant model


 *************** function _readFromEEPROM *****************
 Defined at:
		line 387 in file "main.c"
 Parameters:    Size  Location     Type
  address         1    wreg     unsigned char 
 Auto vars:     Size  Location     Type
  address         1    0[BANK0 ] unsigned char 
  data            1    1[BANK0 ] unsigned char 
 Return value:  Size  Location     Type
                  1    wreg      unsigned char 
 Registers used:
		wreg
 Tracked objects:
		On entry : 
		On exit  : 
		Unchanged: 
 Data sizes:     COMMON   BANK0   BANK1   BANK3   BANK2
      Params:         0       0       0       0       0
      Locals:         0       2       0       0       0
      Temps:          1       0       0       0       0
      Totals:         1       2       0       0       0
Total ram usage:        3 bytes
 Hardware stack levels used:    1
 Hardware stack levels required when called:    1
 This function calls:
		Nothing
 This function is called by:
		_main
 This function uses a non-reentrant model


 *************** function _Interrupciones *****************
 Defined at:
		line 81 in file "main.c"
 Parameters:    Size  Location     Type
		None
 Auto vars:     Size  Location     Type
		None
 Return value:  Size  Location     Type
                  1    wreg      void 
 Registers used:
		wreg, status,2, status,0
 Tracked objects:
		On entry : 
		On exit  : 
		Unchanged: 
 Data sizes:     COMMON   BANK0   BANK1   BANK3   BANK2
      Params:         0       0       0       0       0
      Locals:         0       0       0       0       0
      Temps:          4       0       0       0       0
      Totals:         4       0       0       0       0
Total ram usage:        4 bytes
 Hardware stack levels used:    1
 This function calls:
		Nothing
 This function is called by:
		Interrupt level 1
 This function uses a non-reentrant model



MODULE INFORMATION

Module		Function		Class		Link	Load	Size
shared
		__initialization		CODE           	000F	0000	13

shared estimated size: 13

main.c
		_writeToEEPROM 		CODE           	036B	0000	29
		_servo1Rotate90		CODE           	02BD	0000	44
		_readFromEEPROM		CODE           	0388	0000	21
		_servo1Rotate180		CODE           	02E9	0000	44
		_main          		CODE           	0020	0000	265
		_servo2Rotate0 		CODE           	0315	0000	43
		_servo2Rotate90		CODE           	0265	0000	44
		_Interrupciones		CODE           	0129	0000	216
		_servo2Rotate180		CODE           	0291	0000	44
		_setup         		CODE           	0201	0000	100
		_servo1Rotate0 		CODE           	0340	0000	43

main.c estimated size: 893

